../Core/Src/main.c:95:5:main	128	static
../Core/Src/main.c:261:6:SystemClock_Config	72	static
../Core/Src/main.c:298:13:MX_I2C1_Init	16	static
../Core/Src/main.c:321:13:MX_USART1_UART_Init	8	static
../Core/Src/main.c:355:13:MX_GPIO_Init	48	static
../Core/Src/main.c:439:6:DSC_SetData	24	static
../Core/Src/main.c:473:6:DSC_Update	16	static
../Core/Src/main.c:488:6:DSC_MoveSmooth	24	static
../Core/Src/main.c:504:6:HAL_UART_RxCpltCallback	16	static
../Core/Src/main.c:543:10:DSC_ApplyOffset	16	static
../Core/Src/main.c:548:10:DSC_LogicalToRaw	16	static
../Core/Src/main.c:553:10:DSC_ReverseLogical	16	static
../Core/Src/main.c:563:6:Error_Handler	4	static,ignoring_inline_asm
