08:55:01 **** Incremental Build of configuration Debug for project RELAY ****
make -j12 all 
arm-none-eabi-gcc "../Core/Src/DI.c" -mcpu=cortex-m4 -std=gnu11 -g3 -DDEBUG -DUSE_HAL_DRIVER -DSTM32F407xx -c -I../Core/Inc -I../Drivers/STM32F4xx_HAL_Driver/Inc -I../Drivers/STM32F4xx_HAL_Driver/Inc/Legacy -I../Drivers/CMSIS/Device/ST/STM32F4xx/Include -I../Drivers/CMSIS/Include -O0 -ffunction-sections -fdata-sections -Wall -fstack-usage -fcyclomatic-complexity -MMD -MP -MF"Core/Src/DI.d" -MT"Core/Src/DI.o" --specs=nano.specs -mfpu=fpv4-sp-d16 -mfloat-abi=hard -mthumb -o "Core/Src/DI.o"
../Core/Src/DI.c: In function 'Value_Discrete':
../Core/Src/DI.c:39:17: warning: variable 'value_PB15' set but not used [-Wunused-but-set-variable]
   39 |         uint8_t value_PB15;
      |                 ^~~~~~~~~~
arm-none-eabi-g++ -o "RELAY.elf" @"objects.list"   -mcpu=cortex-m4 -T"C:\Users\alvin\Documents\Coolyeah\pkl\Kode_masudin\RELAYV2\RELAY\STM32F407VGTX_FLASH.ld" --specs=nosys.specs -Wl,-Map="RELAY.map" -Wl,--gc-sections -static --specs=nano.specs -mfpu=fpv4-sp-d16 -mfloat-abi=hard -mthumb -Wl,--start-group -lc -lm -lstdc++ -lsupc++ -Wl,--end-group
Finished building target: RELAY.elf
 
arm-none-eabi-size  RELAY.elf 
arm-none-eabi-objdump -h -S RELAY.elf  > "RELAY.list"
arm-none-eabi-objcopy  -O ihex RELAY.elf  "RELAY.hex"
   text	   data	    bss	    dec	    hex	filename
  14132	     12	   2252	  16396	   400c	RELAY.elf
Finished building: default.size.stdout
 
Finished building: RELAY.hex
 
Finished building: RELAY.list
 

08:55:03 Build Finished. 0 errors, 1 warnings. (took 2s.78ms)

