14:31:12 **** Incremental Build of configuration Debug for project ROME_DSC1 ****
make -j12 all 
arm-none-eabi-gcc "../Core/Src/main.c" -mcpu=cortex-m3 -std=gnu11 -g3 -DDEBUG -DUSE_HAL_DRIVER -DSTM32F103xB -c -I../Core/Inc -I../Drivers/STM32F1xx_HAL_Driver/Inc/Legacy -I../Drivers/STM32F1xx_HAL_Driver/Inc -I../Drivers/CMSIS/Device/ST/STM32F1xx/Include -I../Drivers/CMSIS/Include -O0 -ffunction-sections -fdata-sections -Wall -fstack-usage -fcyclomatic-complexity -MMD -MP -MF"Core/Src/main.d" -MT"Core/Src/main.o" --specs=nano.specs -mfloat-abi=soft -mthumb -o "Core/Src/main.o"
arm-none-eabi-g++ -o "ROME_DSC1.elf" @"objects.list"   -mcpu=cortex-m3 -T"C:\Users\alvin\Documents\Coolyeah\pkl\Kode_masudin\ROME_DSC1\ROME_DSC1\STM32F103C8TX_FLASH.ld" --specs=nosys.specs -Wl,-Map="ROME_DSC1.map" -Wl,--gc-sections -static --specs=nano.specs -mfloat-abi=soft -mthumb -Wl,--start-group -lc -lm -lstdc++ -lsupc++ -Wl,--end-group
Finished building target: ROME_DSC1.elf
 
arm-none-eabi-size  ROME_DSC1.elf 
arm-none-eabi-objdump -h -S ROME_DSC1.elf  > "ROME_DSC1.list"
arm-none-eabi-objcopy  -O ihex ROME_DSC1.elf  "ROME_DSC1.hex"
   text	   data	    bss	    dec	    hex	filename
  20692	    100	   3228	  24020	   5dd4	ROME_DSC1.elf
Finished building: default.size.stdout
 
Finished building: ROME_DSC1.hex
 
Finished building: ROME_DSC1.list
 

14:31:13 Build Finished. 0 errors, 0 warnings. (took 1s.832ms)

