../Core/Src/raspi.c:44:6:Reset_UART_State	16	static
../Core/Src/raspi.c:55:6:Raspi_UART_Start	8	static
../Core/Src/raspi.c:63:6:Rome_UART_Start	4	static
../Core/Src/raspi.c:68:6:Nano_UART_Start	4	static
../Core/Src/raspi.c:77:6:Send_NANO	24	static
../Core/Src/raspi.c:87:6:Queue_ROME	24	static
../Core/Src/raspi.c:104:6:Process_ROME_Queue	8	static
../Core/Src/raspi.c:114:6:HAL_UART_TxCpltCallback	16	static
../Core/Src/raspi.c:122:6:Send_RASPI	16	static
../Core/Src/raspi.c:134:6:HAL_UART_RxCpltCallback	24	static
../Core/Src/raspi.c:149:6:HAL_UART_ErrorCallback	32	static
../Core/Src/raspi.c:165:6:Parse_Status_Packet	24	static
../Core/Src/raspi.c:177:6:Parse_Data_Packet	24	static
../Core/Src/raspi.c:200:6:Process_RX_Buffer	16	static
../Core/Src/raspi.c:255:6:Tx_Raspy	8	static
